openjdk version "27" 2026-09-15
OpenJDK Runtime Environment (build 27)
OpenJDK 64-Bit Server VM (build 27, mixed mode)
INFO  Using log config file: jar:file:/opt/ghidra/Ghidra/Framework/Generic/lib/Generic.jar!/generic.log4j.xml (LoggingInitialization)  
INFO  Using log file: /home/jostick/.config/ghidra/ghidra_12.1.2_DEV/application.log (LoggingInitialization)  
INFO  Loading user preferences: /home/jostick/.config/ghidra/ghidra_12.1.2_DEV/preferences (Preferences)  
INFO  Searching for classes... (ClassSearcher)  
INFO  Class search complete (524 ms) (ClassSearcher)  
WARNING: Final field name in class ghidra.util.charset.CharsetInfo has been mutated reflectively by class com.google.gson.internal.bind.ReflectiveTypeAdapterFactory$2 in unnamed module @58d75e99 (file:/opt/ghidra/Ghidra/Framework/Generic/lib/gson-2.13.2.jar)
WARNING: Use --enable-final-field-mutation=ALL-UNNAMED to avoid a warning
WARNING: Mutating final fields will be blocked in a future release unless final field mutation is enabled
INFO  Initializing SSL Context (DefaultSSLContextInitializer)  
INFO  Initializing Random Number Generator... (SecureRandomFactory)  
INFO  Random Number Generator initialization complete: NativePRNGNonBlocking (SecureRandomFactory)  
INFO  Trust manager disabled, cacerts have not been set (DefaultTrustManagerFactory)  
INFO  Headless startup complete (1072 ms) (AnalyzeHeadless)  
INFO  Class searcher loaded 59 extension points (20 false positives) (ClassSearcher)  
WARNING: A terminally deprecated method in sun.misc.Unsafe has been called
WARNING: sun.misc.Unsafe::staticFieldOffset has been called by org.apache.felix.framework.util.SecureAction (file:/opt/ghidra/Ghidra/Features/Base/lib/org.apache.felix.framework-7.0.5.jar)
WARNING: Please consider reporting this to the maintainers of class org.apache.felix.framework.util.SecureAction
WARNING: sun.misc.Unsafe::staticFieldOffset will be removed in a future release
INFO  HEADLESS Script Paths:
    /opt/ghidra/Ghidra/Features/SystemEmulation/ghidra_scripts
    /opt/ghidra/Ghidra/Features/GnuDemangler/ghidra_scripts
    /opt/ghidra/Ghidra/Features/WildcardAssembler/ghidra_scripts
    /opt/ghidra/Ghidra/Processors/DATA/ghidra_scripts
    /opt/ghidra/Ghidra/Features/DecompilerDependent/ghidra_scripts
    /opt/ghidra/Ghidra/Processors/JVM/ghidra_scripts
    /opt/ghidra/Ghidra/Debug/Debugger-rmi-trace/ghidra_scripts
    /opt/ghidra/Ghidra/Features/MicrosoftCodeAnalyzer/ghidra_scripts
    /opt/ghidra/Ghidra/Features/VersionTracking/ghidra_scripts
    /opt/ghidra/Ghidra/Features/PyGhidra/ghidra_scripts
    /opt/ghidra/Ghidra/Features/SwiftDemangler/ghidra_scripts
    /opt/ghidra/Ghidra/Features/Base/ghidra_scripts
    /opt/ghidra/Ghidra/Processors/Atmel/ghidra_scripts
    /home/jostick/Desktop/Personal/Projects/AresWorkspace/apps/NamsoGenPython/tools
    /opt/ghidra/Ghidra/Debug/Debugger/ghidra_scripts
    /opt/ghidra/Ghidra/Features/Decompiler/ghidra_scripts
    /opt/ghidra/Ghidra/Features/FunctionID/ghidra_scripts
    /opt/ghidra/Ghidra/Features/PDB/ghidra_scripts
    /opt/ghidra/Ghidra/Processors/8051/ghidra_scripts
    /opt/ghidra/Ghidra/Processors/PIC/ghidra_scripts
    /opt/ghidra/Ghidra/Features/FileFormats/ghidra_scripts
    /opt/ghidra/Ghidra/Features/BSim/ghidra_scripts
    /opt/ghidra/Ghidra/Features/BytePatterns/ghidra_scripts (HeadlessAnalyzer)  
INFO  HEADLESS: execution starts (HeadlessAnalyzer)  
INFO  Opening existing project: /home/jostick/Desktop/Personal/Projects/AresWorkspace/apps/NamsoGenPython/evidence/ghidra/NamsoGen (HeadlessAnalyzer)  
INFO  Opening project: /home/jostick/Desktop/Personal/Projects/AresWorkspace/apps/NamsoGenPython/evidence/ghidra/NamsoGen (HeadlessProject)  
INFO  REPORT: Processing input files:  (HeadlessAnalyzer)  
INFO       project: /home/jostick/Desktop/Personal/Projects/AresWorkspace/apps/NamsoGenPython/evidence/ghidra/NamsoGen (HeadlessAnalyzer)  
INFO  IMPORTING: file:///home/jostick/Desktop/Personal/Projects/AresWorkspace/apps/NamsoGenPython/artifacts/apk/classes.dex (HeadlessAnalyzer)  
INFO  Using Loader: Dalvik Executable (DEX) (ProgramLoader)  
INFO  Using Language/Compiler: Dalvik:LE:32:DEX_KitKat:default (ProgramLoader)  
INFO  Using Library Search Path: [., /bin, /lib, /lib64, /lib/x86_64-linux-gnu, /lib/aarch64-linux-gnu, /usr/bin, /usr/lib, /usr/X11R6/bin, /usr/X11R6/lib, /usr/java/packages/lib, /usr/lib64] (ProgramLoader)  
INFO  IMPORTING: Loaded 0 additional files (HeadlessAnalyzer)  
WARN  Analyzer 'Apply Data Archives' for classes.dex disabled by PSPEC file override (AnalysisScheduler)  
WARN  Analyzer 'Basic Constant Reference Analyzer' for classes.dex disabled by PSPEC file override (AnalysisScheduler)  
WARN  Analyzer 'Data Reference' for classes.dex disabled by PSPEC file override (AnalysisScheduler)  
WARN  Analyzer 'Call Convention ID' for classes.dex disabled by PSPEC file override (AnalysisScheduler)  
WARN  Analyzer 'Decompiler Switch Analysis' for classes.dex disabled by PSPEC file override (AnalysisScheduler)  
WARN  Analyzer 'Embedded Media' for classes.dex disabled by PSPEC file override (AnalysisScheduler)  
WARN  Analyzer 'Non-Returning Functions - Discovered' for classes.dex disabled by PSPEC file override (AnalysisScheduler)  
WARN  Analyzer 'Demangler GNU' for classes.dex disabled by PSPEC file override (AnalysisScheduler)  
WARN  Analyzer 'Reference' for classes.dex disabled by PSPEC file override (AnalysisScheduler)  
WARN  Analyzer 'Create Address Tables' for classes.dex disabled by PSPEC file override (AnalysisScheduler)  
WARN  Analyzer 'Call-Fixup Installer' for classes.dex disabled by PSPEC file override (AnalysisScheduler)  
WARN  Analyzer 'Call-Fixup Installer' for classes.dex disabled by PSPEC file override (AnalysisScheduler)  
WARN  Analyzer 'Disassemble Entry Points' for classes.dex disabled by PSPEC file override (AnalysisScheduler)  
WARN  Analyzer 'Subroutine References' for classes.dex disabled by PSPEC file override (AnalysisScheduler)  
WARN  Analyzer 'External Entry References' for classes.dex disabled by PSPEC file override (AnalysisScheduler)  
WARN  Analyzer 'Subroutine References' for classes.dex disabled by PSPEC file override (AnalysisScheduler)  
WARN  Analyzer 'Shared Return Calls' for classes.dex disabled by PSPEC file override (AnalysisScheduler)  
WARN  Analyzer 'Shared Return Calls' for classes.dex disabled by PSPEC file override (AnalysisScheduler)  
WARN  Analyzer 'Stack' for classes.dex disabled by PSPEC file override (AnalysisScheduler)  
WARN  Analyzer 'ASCII Strings' for classes.dex disabled by PSPEC file override (AnalysisScheduler)  
WARN  Analyzer 'Function ID' for classes.dex disabled by PSPEC file override (AnalysisScheduler)  
INFO  ANALYZING all memory and code: file:///home/jostick/Desktop/Personal/Projects/AresWorkspace/apps/NamsoGenPython/artifacts/apk/classes.dex (HeadlessAnalyzer)  
INFO  -----------------------------------------------------
    Android DEX/CDEX Condense Filler Bytes     0.611 secs
    Android DEX/CDEX Data Markup               4.519 secs
    Android DEX/CDEX Exception Handlers        0.358 secs
    Android DEX/CDEX Header Format            20.161 secs
    Android DEX/CDEX Instruction Markup        4.015 secs
    Android DEX/CDEX Switch Table Markup       1.765 secs
-----------------------------------------------------
     Total Time   31 secs
-----------------------------------------------------
 (AutoAnalysisManager)  
INFO  REPORT: Analysis succeeded for file: file:///home/jostick/Desktop/Personal/Projects/AresWorkspace/apps/NamsoGenPython/artifacts/apk/classes.dex (HeadlessAnalyzer)  
INFO  REPORT: Execute script: DumpNamso.java 'apps/NamsoGenPython/evidence/ghidra-classes.txt'  (HeadlessAnalyzer)  
INFO  SCRIPT: /home/jostick/Desktop/Personal/Projects/AresWorkspace/apps/NamsoGenPython/tools/DumpNamso.java (HeadlessAnalyzer)  
INFO  ANALYZING changes made by post scripts: file:///home/jostick/Desktop/Personal/Projects/AresWorkspace/apps/NamsoGenPython/artifacts/apk/classes.dex (HeadlessAnalyzer)  
INFO  REPORT: Post-analysis succeeded for file: file:///home/jostick/Desktop/Personal/Projects/AresWorkspace/apps/NamsoGenPython/artifacts/apk/classes.dex (HeadlessAnalyzer)  
INFO  /classes.dex: file created (jostick) (LocalFileSystem)  
INFO  REPORT: Save succeeded for: /classes.dex (NamsoGen:/classes.dex) (HeadlessAnalyzer)  
INFO  REPORT: Import succeeded (HeadlessAnalyzer)  
